// Jest Snapshot v1, https://goo.gl/fbAQLP

exports[`Errors ECONNREFUSED 1`] = `"No connection could be made because the . actively refused it."`;

exports[`Errors ENOTFOUND 1`] = `"Invalid url: https://invalid-url.com"`;

exports[`Errors HTTP error 1`] = `"Failed to load page: https://assets.io/courses. Server respond with status: 405"`;
